15:39:54 **** Incremental Build of configuration Debug for project rfsoc_v2_application ****
make all 
'Building file: D:/repos/RFSoC_Controller_V2/c_source/cmd_handler.c'
'Invoking: ARM v8 gcc compiler'
aarch64-none-elf-gcc -Wall -O0 -g3 -I"D:\repos\RFSoC_Controller_V2\c_source" -I"D:\repos\RFSoC_Controller_V2\c_source" -c -fmessage-length=0 -MT"src/c_source/cmd_handler.o" -D __BAREMETAL__ -ID:/repos/RFSoC_Controller_V2/vitis_workspace/rfsoc_v2_platform/export/rfsoc_v2_platform/sw/rfsoc_v2_platform/standalone_domain/bspinclude/include -MMD -MP -MF"src/c_source/cmd_handler.d" -MT"src/c_source/cmd_handler.o" -o "src/c_source/cmd_handler.o" "D:/repos/RFSoC_Controller_V2/c_source/cmd_handler.c"
'Finished building: D:/repos/RFSoC_Controller_V2/c_source/cmd_handler.c'
' '
'Building file: D:/repos/RFSoC_Controller_V2/c_source/dma.c'
'Invoking: ARM v8 gcc compiler'
aarch64-none-elf-gcc -Wall -O0 -g3 -I"D:\repos\RFSoC_Controller_V2\c_source" -I"D:\repos\RFSoC_Controller_V2\c_source" -c -fmessage-length=0 -MT"src/c_source/dma.o" -D __BAREMETAL__ -ID:/repos/RFSoC_Controller_V2/vitis_workspace/rfsoc_v2_platform/export/rfsoc_v2_platform/sw/rfsoc_v2_platform/standalone_domain/bspinclude/include -MMD -MP -MF"src/c_source/dma.d" -MT"src/c_source/dma.o" -o "src/c_source/dma.o" "D:/repos/RFSoC_Controller_V2/c_source/dma.c"
'Finished building: D:/repos/RFSoC_Controller_V2/c_source/dma.c'
' '
'Building file: D:/repos/RFSoC_Controller_V2/c_source/gpio.c'
'Invoking: ARM v8 gcc compiler'
aarch64-none-elf-gcc -Wall -O0 -g3 -I"D:\repos\RFSoC_Controller_V2\c_source" -I"D:\repos\RFSoC_Controller_V2\c_source" -c -fmessage-length=0 -MT"src/c_source/gpio.o" -D __BAREMETAL__ -ID:/repos/RFSoC_Controller_V2/vitis_workspace/rfsoc_v2_platform/export/rfsoc_v2_platform/sw/rfsoc_v2_platform/standalone_domain/bspinclude/include -MMD -MP -MF"src/c_source/gpio.d" -MT"src/c_source/gpio.o" -o "src/c_source/gpio.o" "D:/repos/RFSoC_Controller_V2/c_source/gpio.c"
'Finished building: D:/repos/RFSoC_Controller_V2/c_source/gpio.c'
' '
'Building file: D:/repos/RFSoC_Controller_V2/c_source/rf.c'
'Invoking: ARM v8 gcc compiler'
aarch64-none-elf-gcc -Wall -O0 -g3 -I"D:\repos\RFSoC_Controller_V2\c_source" -I"D:\repos\RFSoC_Controller_V2\c_source" -c -fmessage-length=0 -MT"src/c_source/rf.o" -D __BAREMETAL__ -ID:/repos/RFSoC_Controller_V2/vitis_workspace/rfsoc_v2_platform/export/rfsoc_v2_platform/sw/rfsoc_v2_platform/standalone_domain/bspinclude/include -MMD -MP -MF"src/c_source/rf.d" -MT"src/c_source/rf.o" -o "src/c_source/rf.o" "D:/repos/RFSoC_Controller_V2/c_source/rf.c"
'Finished building: D:/repos/RFSoC_Controller_V2/c_source/rf.c'
' '
'Building file: D:/repos/RFSoC_Controller_V2/c_source/uart.c'
'Invoking: ARM v8 gcc compiler'
aarch64-none-elf-gcc -Wall -O0 -g3 -I"D:\repos\RFSoC_Controller_V2\c_source" -I"D:\repos\RFSoC_Controller_V2\c_source" -c -fmessage-length=0 -MT"src/c_source/uart.o" -D __BAREMETAL__ -ID:/repos/RFSoC_Controller_V2/vitis_workspace/rfsoc_v2_platform/export/rfsoc_v2_platform/sw/rfsoc_v2_platform/standalone_domain/bspinclude/include -MMD -MP -MF"src/c_source/uart.d" -MT"src/c_source/uart.o" -o "src/c_source/uart.o" "D:/repos/RFSoC_Controller_V2/c_source/uart.c"
'Finished building: D:/repos/RFSoC_Controller_V2/c_source/uart.c'
' '
'Building file: ../src/dma_test.c'
'Invoking: ARM v8 gcc compiler'
aarch64-none-elf-gcc -Wall -O0 -g3 -I"D:\repos\RFSoC_Controller_V2\c_source" -I"D:\repos\RFSoC_Controller_V2\c_source" -c -fmessage-length=0 -MT"src/dma_test.o" -D __BAREMETAL__ -ID:/repos/RFSoC_Controller_V2/vitis_workspace/rfsoc_v2_platform/export/rfsoc_v2_platform/sw/rfsoc_v2_platform/standalone_domain/bspinclude/include -MMD -MP -MF"src/dma_test.d" -MT"src/dma_test.o" -o "src/dma_test.o" "../src/dma_test.c"
'Finished building: ../src/dma_test.c'
' '
'Building file: ../src/helloworld.c'
'Invoking: ARM v8 gcc compiler'
aarch64-none-elf-gcc -Wall -O0 -g3 -I"D:\repos\RFSoC_Controller_V2\c_source" -I"D:\repos\RFSoC_Controller_V2\c_source" -c -fmessage-length=0 -MT"src/helloworld.o" -D __BAREMETAL__ -ID:/repos/RFSoC_Controller_V2/vitis_workspace/rfsoc_v2_platform/export/rfsoc_v2_platform/sw/rfsoc_v2_platform/standalone_domain/bspinclude/include -MMD -MP -MF"src/helloworld.d" -MT"src/helloworld.o" -o "src/helloworld.o" "../src/helloworld.c"
'Finished building: ../src/helloworld.c'
' '
'Building file: ../src/platform.c'
'Invoking: ARM v8 gcc compiler'
aarch64-none-elf-gcc -Wall -O0 -g3 -I"D:\repos\RFSoC_Controller_V2\c_source" -I"D:\repos\RFSoC_Controller_V2\c_source" -c -fmessage-length=0 -MT"src/platform.o" -D __BAREMETAL__ -ID:/repos/RFSoC_Controller_V2/vitis_workspace/rfsoc_v2_platform/export/rfsoc_v2_platform/sw/rfsoc_v2_platform/standalone_domain/bspinclude/include -MMD -MP -MF"src/platform.d" -MT"src/platform.o" -o "src/platform.o" "../src/platform.c"
'Finished building: ../src/platform.c'
' '
'Building target: rfsoc_v2_application.elf'
'Invoking: ARM v8 gcc linker'
aarch64-none-elf-gcc -Wl,-T -Wl,../src/lscript.ld -LD:/repos/RFSoC_Controller_V2/vitis_workspace/rfsoc_v2_platform/export/rfsoc_v2_platform/sw/rfsoc_v2_platform/standalone_domain/bsplib/lib -o "rfsoc_v2_application.elf"  ./src/c_source/cmd_handler.o ./src/c_source/dma.o ./src/c_source/gpio.o ./src/c_source/rf.o ./src/c_source/uart.o  ./src/dma_test.o ./src/helloworld.o ./src/platform.o   -Wl,--start-group,-lxil,-lgcc,-lc,--end-group -Wl,--start-group,-lxil,-lgcc,-lc,-lmetal,--end-group
'Finished building target: rfsoc_v2_application.elf'
' '
'Invoking: ARM v8 Print Size'
aarch64-none-elf-size rfsoc_v2_application.elf  |tee "rfsoc_v2_application.elf.size"
   text	   data	    bss	    dec	    hex	filename
 206364	   9600	  31988	 247952	  3c890	rfsoc_v2_application.elf
'Finished building: rfsoc_v2_application.elf.size'
' '

15:40:01 Build Finished (took 7s.166ms)

